bash: /share/apps/anaconda/2024.02/lib/libtinfo.so.6: no version information available (required by bash)
[Warning] [omni.isaac.kit.simulation_app] Modules: ['omni.isaac.lab', 'omni.isaac.lab.utils.array', 'omni.isaac.lab.utils.buffers.circular_buffer', 'omni.isaac.lab.utils.buffers.delay_buffer', 'omni.isaac.lab.utils.buffers.timestamped_buffer', 'omni.isaac.lab.utils.buffers', 'omni.isaac.lab.utils.string', 'omni.isaac.lab.utils.dict', 'omni.isaac.lab.utils.configclass', 'omni.isaac.lab.utils.interpolation.linear_interpolation', 'omni.isaac.lab.utils.interpolation', 'omni.isaac.lab.utils.modifiers.modifier_base', 'omni.isaac.lab.utils.modifiers.modifier', 'omni.isaac.lab.utils.modifiers.modifier_cfg', 'omni.isaac.lab.utils.modifiers', 'omni.isaac.lab.utils.timer', 'omni.isaac.lab.utils', 'omni.isaac.lab.utils.math', 'omni.kit_app'] were loaded before SimulationApp was started and might not be loaded correctly.
[Warning] [omni.isaac.kit.simulation_app] Please check to make sure no extra omniverse or pxr modules are imported before the call to SimulationApp(...)
[Info] [carb] Logging to file: /ssd/xiaxinyuan/.conda/envs/isaacsim/lib/python3.10/site-packages/omni/logs/Kit/Isaac-Sim/4.0/kit_20240910_135946.log
2024-09-10 05:59:46 [0ms] [Warning] [omni.kit.app.plugin] No crash reporter present, dumps uploading isn't available.
[0.100s] [ext: omni.kit.async_engine-0.0.0] startup
[0.219s] [ext: omni.stats-0.0.0] startup
[0.221s] [ext: omni.client-1.1.0] startup
[0.256s] [ext: omni.datastore-0.0.0] startup
[0.257s] [ext: omni.blobkey-1.1.0] startup
[0.257s] [ext: omni.ujitso.default-1.0.0] startup
[0.258s] [ext: omni.hsscclient-0.0.0] startup
[0.258s] [ext: omni.rtx.shadercache.vulkan-1.0.0] startup
[0.260s] [ext: omni.assets.plugins-0.0.0] startup
[0.262s] [ext: omni.gpu_foundation-0.0.0] startup
[0.271s] [ext: carb.windowing.plugins-1.0.0] startup
2024-09-10 05:59:47 [238ms] [Warning] [carb.windowing-glfw.plugin] GLFW initialization failed.
2024-09-10 05:59:47 [238ms] [Warning] [carb] Failed to startup plugin carb.windowing-glfw.plugin (interfaces: [carb::windowing::IGLContext v1.0],[carb::windowing::IWindowing v1.4]) (impl: carb.windowing-glfw.plugin)
[0.273s] [ext: omni.kit.renderer.init-0.0.0] startup
2024-09-10 05:59:47 [349ms] [Warning] [omni.platforminfo.plugin] failed to open the default display.  Can't verify X Server version.
2024-09-10 05:59:47 [921ms] [Warning] [carb.windowing-glfw.plugin] GLFW initialization failed.
2024-09-10 05:59:47 [921ms] [Warning] [carb] Failed to startup plugin carb.windowing-glfw.plugin (interfaces: [carb::windowing::IGLContext v1.0],[carb::windowing::IWindowing v1.4]) (impl: carb.windowing-glfw.plugin)
2024-09-10 05:59:47 [922ms] [Error] [carb.glinterop.plugin] GLInteropContext::init: carb::windowing is not available

|---------------------------------------------------------------------------------------------|
| Driver Version: 550.90.07     | Graphics API: Vulkan
|=============================================================================================|
| GPU | Name                             | Active | LDA | GPU Memory | Vendor-ID | LUID       |
|     |                                  |        |     |            | Device-ID | UUID       |
|     |                                  |        |     |            | Bus-ID    |            |
|---------------------------------------------------------------------------------------------|
| 0   | NVIDIA GeForce RTX 4090          | Yes: 0 |     | 24810   MB | 10de      | 0          |
|     |                                  |        |     |            | 2684      | b76d0b87.. |
|     |                                  |        |     |            | 1         |            |
|---------------------------------------------------------------------------------------------|
| 1   | NVIDIA GeForce RTX 4090          | Yes: 1 |     | 24810   MB | 10de      | 0          |
|     |                                  |        |     |            | 2684      | c40a701e.. |
|     |                                  |        |     |            | 25        |            |
|---------------------------------------------------------------------------------------------|
| 2   | NVIDIA GeForce RTX 4090          | Yes: 2 |     | 24810   MB | 10de      | 0          |
|     |                                  |        |     |            | 2684      | 97ee10ad.. |
|     |                                  |        |     |            | 41        |            |
|---------------------------------------------------------------------------------------------|
| 3   | NVIDIA GeForce RTX 4090          | Yes: 3 |     | 24810   MB | 10de      | 0          |
|     |                                  |        |     |            | 2684      | d332ab0e.. |
|     |                                  |        |     |            | 61        |            |
|---------------------------------------------------------------------------------------------|
| 4   | NVIDIA GeForce RTX 4090          | Yes: 4 |     | 24810   MB | 10de      | 0          |
|     |                                  |        |     |            | 2684      | 527f33cf.. |
|     |                                  |        |     |            | 81        |            |
|---------------------------------------------------------------------------------------------|
| 5   | NVIDIA GeForce RTX 4090          | Yes: 5 |     | 24810   MB | 10de      | 0          |
|     |                                  |        |     |            | 2684      | 433f8dde.. |
|     |                                  |        |     |            | a1        |            |
|---------------------------------------------------------------------------------------------|
| 6   | NVIDIA GeForce RTX 4090          | Yes: 6 |     | 24810   MB | 10de      | 0          |
|     |                                  |        |     |            | 2684      | 96b53436.. |
|     |                                  |        |     |            | c1        |            |
|---------------------------------------------------------------------------------------------|
| 7   | NVIDIA GeForce RTX 4090          | Yes: 7 |     | 24810   MB | 10de      | 0          |
|     |                                  |        |     |            | 2684      | db5f47b4.. |
|     |                                  |        |     |            | e1        |            |
|=============================================================================================|
| OS: 22.04.3 LTS (Jammy Jellyfish) ubuntu, Version: 22.04.3, Kernel: 5.15.0-78-generic
| Processor: AMD EPYC 7542 32-Core Processor | Cores: 64 | Logical: 128
|---------------------------------------------------------------------------------------------|
| Total Memory (MB): 515809 | Free Memory: 430038
| Total Page/Swap (MB): 8191 | Free Page/Swap: 7743
|---------------------------------------------------------------------------------------------|
2024-09-10 05:59:56 [9,982ms] [Warning] [gpu.foundation.plugin] IOMMU is enabled.
[12.890s] [ext: omni.kit.pipapi-0.0.0] startup
[12.896s] [ext: omni.kit.pip_archive-0.0.0] startup
[12.896s] [ext: omni.mtlx-0.1.0] startup
[12.897s] [ext: omni.usd.config-1.0.3] startup
[12.902s] [ext: omni.gpucompute.plugins-0.0.0] startup
[12.904s] [ext: omni.usd.libs-1.0.0] startup
[13.131s] [ext: omni.kit.telemetry-0.5.0] startup
[13.241s] [ext: omni.kit.loop-isaac-1.2.0] startup
[13.243s] [ext: omni.kit.test-0.0.0] startup
[13.319s] [ext: omni.appwindow-1.1.8] startup
2024-09-10 06:00:00 [13,286ms] [Warning] [carb.windowing-glfw.plugin] GLFW initialization failed.
2024-09-10 06:00:00 [13,286ms] [Warning] [carb] Failed to startup plugin carb.windowing-glfw.plugin (interfaces: [carb::windowing::IGLContext v1.0],[carb::windowing::IWindowing v1.4]) (impl: carb.windowing-glfw.plugin)
[13.324s] [ext: omni.kit.renderer.core-1.0.1] startup
2024-09-10 06:00:00 [13,302ms] [Warning] [carb.windowing-glfw.plugin] GLFW initialization failed.
2024-09-10 06:00:00 [13,302ms] [Warning] [carb] Failed to startup plugin carb.windowing-glfw.plugin (interfaces: [carb::windowing::IGLContext v1.0],[carb::windowing::IWindowing v1.4]) (impl: carb.windowing-glfw.plugin)
2024-09-10 06:00:00 [13,457ms] [Warning] [carb.windowing-glfw.plugin] GLFW initialization failed.
2024-09-10 06:00:00 [13,457ms] [Warning] [carb] Failed to startup plugin carb.windowing-glfw.plugin (interfaces: [carb::windowing::IGLContext v1.0],[carb::windowing::IWindowing v1.4]) (impl: carb.windowing-glfw.plugin)
[13.495s] [ext: omni.kit.renderer.capture-0.0.0] startup
[13.499s] [ext: omni.kit.renderer.imgui-1.0.1] startup
2024-09-10 06:00:00 [13,469ms] [Warning] [carb.windowing-glfw.plugin] GLFW initialization failed.
2024-09-10 06:00:00 [13,469ms] [Warning] [carb] Failed to startup plugin carb.windowing-glfw.plugin (interfaces: [carb::windowing::IGLContext v1.0],[carb::windowing::IWindowing v1.4]) (impl: carb.windowing-glfw.plugin)
2024-09-10 06:00:00 [13,471ms] [Warning] [carb.windowing-glfw.plugin] GLFW initialization failed.
2024-09-10 06:00:00 [13,471ms] [Warning] [carb] Failed to startup plugin carb.windowing-glfw.plugin (interfaces: [carb::windowing::IGLContext v1.0],[carb::windowing::IWindowing v1.4]) (impl: carb.windowing-glfw.plugin)
2024-09-10 06:00:00 [13,472ms] [Warning] [carb.windowing-glfw.plugin] GLFW initialization failed.
2024-09-10 06:00:00 [13,472ms] [Warning] [carb] Failed to startup plugin carb.windowing-glfw.plugin (interfaces: [carb::windowing::IGLContext v1.0],[carb::windowing::IWindowing v1.4]) (impl: carb.windowing-glfw.plugin)
[13.781s] [ext: omni.ui-2.23.11] startup
[13.799s] [ext: omni.kit.mainwindow-1.0.3] startup
[13.801s] [ext: carb.audio-0.1.0] startup
[13.846s] [ext: omni.uiaudio-1.0.0] startup
[13.847s] [ext: omni.kit.uiapp-0.0.0] startup
[13.847s] [ext: omni.usd.schema.audio-0.0.0] startup
[13.976s] [ext: omni.anim.graph.schema-106.0.2] startup
[13.987s] [ext: omni.usd.schema.semantics-0.0.0] startup
[14.000s] [ext: omni.usd.schema.anim-0.0.0] startup
[14.037s] [ext: omni.usd.schema.omniscripting-1.0.0] startup
[14.064s] [ext: omni.usd.schema.isaac-2.0.2] startup
[14.078s] [ext: omni.usd.schema.physx-106.0.16] startup
[14.142s] [ext: omni.anim.navigation.schema-106.0.2] startup
[14.151s] [ext: omni.usd.schema.omnigraph-1.0.0] startup
[14.168s] [ext: omni.usd.schema.scene.visualization-2.0.2] startup
[14.170s] [ext: omni.usd.schema.geospatial-0.0.0] startup
[14.175s] [ext: omni.usd.schema.forcefield-106.0.16] startup
[14.186s] [ext: omni.kit.window.popup_dialog-2.0.24] startup
[14.191s] [ext: omni.graph.exec-0.9.3] startup
[14.193s] [ext: omni.kit.widget.nucleus_connector-1.1.5] startup
[14.194s] [ext: omni.kit.usd_undo-0.1.8] startup
[14.195s] [ext: omni.kit.exec.core-0.13.0] startup
[14.198s] [ext: omni.activity.core-1.0.1] startup
[14.200s] [ext: omni.usd_resolver-1.0.0] startup
[14.211s] [ext: omni.resourcemonitor-105.0.1] startup
[14.213s] [ext: omni.kit.actions.core-1.0.0] startup
[14.216s] [ext: omni.ujitso.processor.texture-1.0.0] startup
[14.217s] [ext: omni.usd.core-1.2.11] startup
[14.228s] [ext: omni.timeline-1.0.10] startup
[14.230s] [ext: omni.kit.commands-1.4.9] startup
[14.235s] [ext: usdrt.scenegraph-7.4.8] startup
[14.308s] [ext: omni.kit.audiodeviceenum-1.0.1] startup
[14.310s] [ext: omni.hydra.usdrt_delegate-7.4.7] startup
[14.376s] [ext: omni.hydra.scene_delegate-0.3.3] startup
[14.403s] [ext: omni.ujitso.client-0.0.0] startup
[14.404s] [ext: omni.usd-1.10.39] startup
[14.484s] [ext: omni.kit.notification_manager-1.0.8] startup
[14.491s] [ext: omni.iray.libs-0.0.0] startup
[14.498s] [ext: omni.kit.widget.path_field-2.0.9] startup
[14.499s] [ext: omni.volume-0.5.0] startup
[14.508s] [ext: omni.mdl.neuraylib-0.2.4] startup
[14.510s] [ext: omni.kit.widget.browser_bar-2.0.9] startup
[14.511s] [ext: omni.hydra.rtx-0.2.0] startup
[14.556s] [ext: omni.kit.widget.context_menu-1.2.1] startup
[14.557s] [ext: omni.kit.hydra_texture-1.2.6] startup
[14.571s] [ext: omni.kit.widget.nucleus_info-1.0.2] startup
[14.572s] [ext: omni.kit.helper.file_utils-0.1.7] startup
[14.582s] [ext: omni.kit.widget.options_menu-1.1.4] startup
[14.593s] [ext: omni.kit.collaboration.telemetry-1.0.0] startup
[14.594s] [ext: omni.kit.search_core-1.0.5] startup
[14.595s] [ext: omni.kit.widget.filebrowser-2.3.47] startup
[14.599s] [ext: omni.kit.widget.options_button-1.0.2] startup
[14.599s] [ext: omni.kit.collaboration.channel_manager-1.0.11] startup
[14.600s] [ext: omni.ui.scene-1.9.3] startup
[14.607s] [ext: omni.kit.widget.search_delegate-1.0.4] startup
[14.609s] [ext: omni.kit.viewport.registry-104.0.6] startup
[14.609s] [ext: omni.kit.clipboard-1.0.3] startup
[14.610s] [ext: omni.kit.usd.layers-2.1.30] startup
[14.628s] [ext: omni.kit.window.filepicker-2.10.32] startup
[14.636s] [ext: omni.kit.context_menu-1.8.0] startup
[14.643s] [ext: omni.kit.window.file_importer-1.1.11] startup
[14.646s] [ext: omni.kit.menu.utils-1.5.23] startup
[14.654s] [ext: omni.kit.widget.viewport-106.0.2] startup
[14.658s] [ext: omni.kit.raycast.query-1.0.5] startup
[14.688s] [ext: omni.mdl-52.0.1] startup
[14.707s] [ext: omni.kit.stage_template.core-1.1.20] startup
[14.708s] [ext: omni.kit.window.drop_support-1.0.1] startup
[14.708s] [ext: omni.kit.material.library-1.4.0] startup
[14.713s] [ext: omni.hydra.engine.stats-1.0.1] startup
[14.725s] [ext: omni.kit.window.file_exporter-1.0.29] startup
[14.726s] [ext: omni.kit.viewport.window-106.0.8] startup
[14.750s] [ext: omni.kit.primitive.mesh-1.0.16] startup
[14.753s] [ext: omni.kit.widget.filter-1.1.3] startup
[14.753s] [ext: omni.kit.stage_templates-1.2.2] startup
[14.755s] [ext: omni.kit.window.content_browser_registry-0.0.4] startup
[14.755s] [ext: omni.kit.window.file-1.3.52] startup
[14.758s] [ext: omni.kit.widget.graph-1.12.6] startup
[14.762s] [ext: omni.kit.viewport.utility-1.0.17] startup
[14.763s] [ext: omni.kit.hotkeys.core-1.3.3] startup
[14.764s] [ext: omni.kit.widget.highlight_label-1.0.1] startup
[14.765s] [ext: omni.kit.window.content_browser-2.9.13] startup
[14.781s] [ext: omni.kit.widget.stage-2.10.26] startup
[14.793s] [ext: omni.kit.widget.searchfield-1.1.5] startup
[14.794s] [ext: omni.kit.window.extensions-1.4.7] startup
[14.799s] [ext: omni.kit.viewport.actions-105.2.8] startup
[14.806s] [ext: omni.kit.collaboration.presence_layer-1.0.8] startup
[14.808s] [ext: omni.kit.window.property-1.11.1] startup
[14.810s] [ext: omni.kit.widget.searchable_combobox-1.0.5] startup
[14.818s] [ext: omni.kit.widget.text_editor-1.0.2] startup
[14.822s] [ext: omni.inspect-1.0.1] startup
[14.825s] [ext: omni.kit.widget.settings-1.1.0] startup
[14.826s] [ext: omni.kit.widget.prompt-1.0.7] startup
[14.827s] [ext: omni.graph.core-2.170.0] startup
[14.836s] [ext: omni.kit.window.preferences-1.5.1] startup
[15.182s] [ext: omni.kit.window.cursor-1.1.2] startup
[15.182s] [ext: omni.kit.widget.live_session_management.ui-1.0.1] startup
[15.185s] [ext: omni.graph.action_core-1.1.4] startup
[15.211s] [ext: omni.kit.viewport.menubar.core-107.0.0] startup
[15.227s] [ext: omni.kit.widget.live_session_management-1.2.18] startup
[15.230s] [ext: omni.graph.tools-1.77.0] startup
[15.251s] [ext: omni.kit.viewport.menubar.display-106.0.0] startup
[15.253s] [ext: omni.kit.property.usd-3.21.26] startup
[15.265s] [ext: omni.graph-1.135.0] startup
[15.315s] [ext: omni.usdphysics-106.0.16] startup
[15.327s] [ext: omni.debugdraw-0.1.3] startup
[15.341s] [ext: omni.graph.ui-1.67.1] startup
[15.364s] [ext: omni.usdphysics.ui-106.0.16] startup
[15.419s] [ext: omni.graph.action_nodes-1.21.3] startup
[15.447s] [ext: omni.kvdb-106.0.16] startup
[15.461s] [ext: omni.graph.action-1.101.1] startup
[15.462s] [ext: omni.localcache-106.0.16] startup
[15.466s] [ext: omni.physx.foundation-106.0.16] startup
[15.467s] [ext: omni.convexdecomposition-106.0.16] startup
[15.481s] [ext: omni.kit.property.material-1.9.3] startup
[15.488s] [ext: omni.physx.cooking-106.0.16] startup
[15.525s] [ext: omni.kit.widget.toolbar-1.6.2] startup
[15.565s] [ext: omni.kit.manipulator.transform-104.7.5] startup
[15.569s] [ext: omni.physx-106.0.16] startup
[15.603s] [ext: omni.kit.manipulator.tool.snap-1.4.5] startup
[15.610s] [ext: omni.physx.stageupdate-106.0.16] startup
[15.614s] [ext: omni.physx.commands-106.0.16] startup
[15.620s] [ext: omni.ui_query-1.1.2] startup
[15.623s] [ext: omni.graph.image.core-0.3.2] startup
[15.638s] [ext: omni.physx.ui-106.0.16] startup
[15.688s] [ext: omni.kit.ui_test-1.2.18] startup
[15.699s] [ext: omni.graph.image.nodes-1.0.2] startup
[15.704s] [ext: omni.physx.demos-106.0.16] startup
[15.722s] [ext: omni.graph.ui_nodes-1.24.1] startup
[15.736s] [ext: omni.graph.nodes-1.141.2] startup
[15.763s] [ext: omni.physx.cct-106.0.16] startup
[15.804s] [ext: omni.graph.bundle.action-2.0.4] startup
[15.817s] [ext: omni.kit.property.physx-106.0.16] startup
[16.041s] [ext: omni.command.usd-1.0.3] startup
[16.052s] [ext: omni.physx.vehicle-106.0.16] startup
[16.209s] [ext: omni.kit.manipulator.selector-1.1.1] startup
[16.213s] [ext: omni.physx.graph-106.0.16] startup
[16.246s] [ext: omni.kit.numpy.common-0.1.2] startup
[16.249s] [ext: omni.isaac.version-1.1.0] startup
[16.251s] [ext: omni.kit.manipulator.viewport-107.0.0] startup
[16.255s] [ext: omni.kit.viewport.manipulator.transform-106.0.0] startup
[16.259s] [ext: omni.physics.tensors-106.0.16] startup
[16.275s] [ext: omni.isaac.dynamic_control-1.3.7] startup
[16.294s] [ext: omni.isaac.nucleus-0.1.2] startup
[16.296s] [ext: omni.fabric.commands-1.1.4] startup
[16.315s] [ext: omni.kit.manipulator.prim.core-106.0.2] startup
[16.323s] [ext: omni.physx.tensors-106.0.16] startup
[16.358s] [ext: omni.warp.core-1.1.0] startup
[16.736s] [ext: omni.kit.graph.delegate.default-1.2.2] startup
[16.740s] [ext: omni.graph.visualization.nodes-2.1.1] startup
[16.753s] [ext: omni.kit.manipulator.prim.fabric-106.0.1] startup
[16.758s] [ext: omni.kit.manipulator.prim.usd-106.0.1] startup
[16.769s] [ext: omni.isaac.core-3.12.0] startup
[16.949s] [ext: omni.kit.graph.editor.core-1.5.3] startup
[16.956s] [ext: omni.kit.graph.usd.commands-1.3.1] startup
[16.958s] [ext: omni.kit.widget.material_preview-1.0.16] startup
[16.961s] [ext: omni.kit.manipulator.prim-106.0.0] startup
[16.964s] [ext: omni.kit.manipulator.selection-104.0.9] startup
[16.965s] [ext: omni.kit.window.toolbar-1.6.1] startup
[16.970s] [ext: omni.kit.widget.layers-1.7.9] startup
[16.986s] [ext: omni.kit.window.material_graph-1.8.15] startup
[17.007s] [ext: omni.graph.scriptnode-1.18.2] startup
[17.012s] [ext: omni.kit.graph.delegate.modern-1.10.6] startup
[17.017s] [ext: omni.sensors.tiled-0.0.3] startup
[17.030s] [ext: omni.physx.supportui-106.0.16] startup
[17.066s] [ext: omni.physx.telemetry-106.0.16] startup
[17.072s] [ext: omni.physx.camera-106.0.16] startup
[17.094s] [ext: omni.isaac.ui-0.15.1] startup
[17.101s] [ext: omni.warp-1.1.0] startup
[17.118s] [ext: omni.syntheticdata-0.6.7] startup
[17.167s] [ext: omni.physx.bundle-106.0.16] startup
[17.170s] [ext: omni.isaac.utils-1.0.1] startup
[17.180s] [ext: omni.replicator.core-1.11.8] startup
2024-09-10 06:00:04 [17,215ms] [Warning] [omni.replicator.core.scripts.annotators] Annotator PostProcessDispatch is already registered, overwriting annotator template
[17.454s] [ext: omni.isaac.lula-3.0.1] startup
[17.474s] [ext: omni.isaac.surface_gripper-1.0.1] startup
[17.481s] [ext: omni.isaac.core_nodes-1.15.4] startup
[17.530s] [ext: omni.isaac.cloner-0.8.1] startup
[17.537s] [ext: omni.isaac.motion_generation-7.0.1] startup
[17.582s] [ext: omni.isaac.manipulators-2.1.0] startup
[17.598s] [ext: omni.kit.graph.widget.variables-2.1.0] startup
[17.610s] [ext: omni.isaac.gym-0.11.3] startup
[17.612s] [ext: omni.isaac.dofbot-0.3.2] startup
[17.619s] [ext: omni.graph.window.core-1.107.1] startup
[17.666s] [ext: omni.importer.mjcf-1.1.0] startup
[17.691s] [ext: omni.isaac.menu-0.4.1] startup
[17.700s] [ext: omni.graph.window.generic-1.23.1] startup
[17.723s] [ext: omni.graph.window.action-1.25.2] startup
[17.740s] [ext: omni.kit.actions.window-1.1.1] startup
[17.754s] [ext: omni.kit.viewport.menubar.lighting-106.0.2] startup
[17.760s] [ext: omni.isaac.wheeled_robots-2.1.3] startup
[17.773s] [ext: omni.kit.ui.actions-1.0.1] startup
[17.780s] [ext: omni.kit.hotkeys.window-1.4.5] startup
[17.800s] [ext: omni.kit.selection-0.1.4] startup
[17.810s] [ext: omni.kit.manipulator.camera-105.0.5] startup
[17.820s] [ext: omni.kit.menu.common-1.1.5] startup
[17.824s] [ext: omni.isaac.kit-1.10.0] startup
[17.825s] [ext: omni.kit.menu.edit-1.1.19] startup
[17.837s] [ext: omni.kit.menu.file-1.1.9] startup
[17.839s] [ext: omni.isaac.franka-0.4.1] startup
[17.843s] [ext: omni.kit.widget.stage_icons-1.0.3] startup
[17.849s] [ext: omni.kit.profiler.window-2.2.1] startup
2024-09-10 06:00:04 [17,870ms] [Warning] [omni.kit.profiler.window] remove _SpanInstance.__lt__ and use insort 'key' arg instead
[17.911s] [ext: omni.kit.property.audio-1.0.11] startup
[17.915s] [ext: omni.isaac.cortex-0.3.8] startup
[17.916s] [ext: omni.kit.window.stage-2.5.9] startup
[17.926s] [ext: omni.kit.property.geometry-1.3.0] startup
[17.929s] [ext: omni.kit.property.camera-1.0.6] startup
[17.932s] [ext: omni.sensors.nv.common-1.0.1] startup
[17.956s] [ext: omni.kit.menu.stage-1.2.5] startup
[17.959s] [ext: omni.isaac.debug_draw-0.7.1] startup
[17.974s] [ext: omni.sensors.nv.wpm-1.0.0] startup
[17.977s] [ext: omni.sensors.nv.materials-1.0.0] startup
[17.981s] [ext: omni.isaac.range_sensor-3.0.1] startup
[18.003s] [ext: omni.hydra.scene_api-0.1.2] startup
[18.031s] [ext: omni.sensors.nv.radar-1.0.1] startup
[18.048s] [ext: omni.sensors.nv.lidar-1.0.1] startup
[18.066s] [ext: omni.kit.property.render-1.1.1] startup
[18.069s] [ext: omni.kit.property.transform-1.5.1] startup
[18.075s] [ext: omni.kit.property.light-1.0.8] startup
[18.078s] [ext: omni.isaac.sensor-11.3.0] startup
[18.179s] [ext: omni.isaac.block_world-1.0.0] startup
[18.188s] [ext: omni.kit.property.bundle-1.2.11] startup
[18.195s] [ext: omni.kit.property.isaac-0.2.3] startup
[18.197s] [ext: omni.isaac.quadruped-1.4.5] startup
[18.212s] [ext: omni.isaac.occupancy_map-1.0.1] startup
[18.242s] [ext: omni.rtx.window.settings-0.6.15] startup
[18.265s] [ext: omni.kit.widget.live-2.1.6] startup
[18.270s] [ext: omni.kit.widget.calendar-1.0.8] startup
[18.272s] [ext: omni.kit.property.layer-1.1.5] startup
[18.275s] [ext: omni.kit.viewport.menubar.render-106.1.2] startup
[18.279s] [ext: omni.kit.viewport.menubar.settings-106.0.0] startup
[18.285s] [ext: omni.kit.viewport.rtx-104.0.1] startup
[18.286s] [ext: omni.kit.widget.cache_indicator-2.0.8] startup
2024-09-10 06:00:05 [18,252ms] [Warning] [omni.kit.widget.cache_indicator.cache_state_menu] Unable to detect Omniverse Cache Server. File /root/.nvidia-omniverse/config/omniverse.toml is not found. Consider installing it for better IO performance.
[18.287s] [ext: omni.kit.widget.extended_searchfield-1.0.27] startup
[18.297s] [ext: omni.kit.widget.timeline-105.0.1] startup
[18.306s] [ext: omni.kit.window.commands-0.2.5] startup
[18.309s] [ext: omni.kit.window.console-0.2.12] startup
[18.337s] [ext: omni.kit.window.script_editor-1.7.6] startup
[18.341s] [ext: omni.kit.menu.create-1.0.12] startup
[18.344s] [ext: omni.kit.window.status_bar-0.1.6] startup
[18.363s] [ext: omni.kit.window.title-1.1.3] startup
2024-09-10 06:00:05 [18,332ms] [Warning] [carb.windowing-glfw.plugin] GLFW initialization failed.
2024-09-10 06:00:05 [18,332ms] [Warning] [carb] Failed to startup plugin carb.windowing-glfw.plugin (interfaces: [carb::windowing::IGLContext v1.0],[carb::windowing::IWindowing v1.4]) (impl: carb.windowing-glfw.plugin)
2024-09-10 06:00:05 [18,334ms] [Warning] [carb.windowing-glfw.plugin] GLFW initialization failed.
2024-09-10 06:00:05 [18,334ms] [Warning] [carb] Failed to startup plugin carb.windowing-glfw.plugin (interfaces: [carb::windowing::IGLContext v1.0],[carb::windowing::IWindowing v1.4]) (impl: carb.windowing-glfw.plugin)
[18.370s] [ext: omni.replicator.isaac-1.15.0] startup
[18.388s] [ext: omni.replicator.replicator_yaml-2.0.5] startup
[18.409s] [ext: omni.rtx.settings.core-0.6.0] startup
[18.418s] [ext: omni.kit.stage_column.payload-2.0.0] startup
[18.424s] [ext: omni.isaac.scene_blox-0.1.1] startup
[18.431s] [ext: omni.kit.stage_column.variant-1.0.13] startup
[18.438s] [ext: semantics.schema.editor-0.3.4] startup
[18.444s] [ext: semantics.schema.property-1.0.2] startup
[18.448s] [ext: omni.kit.viewport.menubar.camera-105.1.8] startup
[18.460s] [ext: omni.isaac.universal_robots-0.3.5] startup
[18.461s] [ext: omni.isaac.cortex.sample_behaviors-1.0.5] startup
[18.465s] [ext: omni.importer.urdf-1.14.1] startup
[18.535s] [ext: omni.kit.window.stats-0.1.6] startup
[18.550s] [ext: omni.isaac.sim.python-4.0.0] startup
[18.553s] Simulation App Starting
[49.338s] app ready
[2024-09-10 14:00:39,613][INFO] /ssd/xiaxinyuan/code/w61-grutopia/grutopia/core/runner.py[line:49] -: rendering interval: 2
[2024-09-10 14:00:39,615][INFO] /ssd/xiaxinyuan/code/w61-grutopia/grutopia/core/task/task.py[line:71] -: scene_path: ../Matterport3D/data/v1/scans/s8pcmisQ38h/matterport_mesh/b2f1bf0a0de54856b1d9c8816633c0bb/isaacsim_b2f1bf0a0de54856b1d9c8816633c0bb.usd
[2024-09-10 14:01:02,369][INFO] /ssd/xiaxinyuan/code/w61-grutopia/grutopia/core/task/task.py[line:139] -: {'h1_0': <grutopia_extension.robots.humanoid.HumanoidRobot object at 0x7f93223f87f0>}
[2024-09-10 14:01:02,369][INFO] /ssd/xiaxinyuan/code/w61-grutopia/grutopia/core/task/task.py[line:140] -: {}
2024-09-10 06:00:36 [49,892ms] [Warning] [omni.kit.imgui_renderer.plugin] _createExtendCursor: No windowing.
2024-09-10 06:00:36 [49,893ms] [Warning] [omni.kit.imgui_renderer.plugin] _createExtendCursor: No windowing.
[52.426s] Simulation App Startup Complete
2024-09-10 06:00:40 [53,614ms] [Warning] [omni.fabric.plugin] No source has valid data array=0x7f80c42b6500 usdValid=0 cpuValid=0
2024-09-10 06:00:40 [53,618ms] [Warning] [omni.fabric.plugin] No source has valid data array=0x7f80e17e3880 usdValid=0 cpuValid=0
2024-09-10 06:00:56 [69,394ms] [Warning] [carb] Client omni.hydratexture.plugin has acquired [carb::settings::ISettings v1.0] 100 times. Consider accessing this interface with carb::getCachedInterface() (Performance warning)
2024-09-10 06:01:15 [88,928ms] [Warning] [omni.syntheticdata.plugin] OgnSdPostRenderVarToHost : rendervar copy from texture directly to host buffer is counter-performant. Please use copy from texture to device buffer first.
2024-09-10 06:01:15 [89,008ms] [Warning] [omni.syntheticdata.plugin] SdPostRenderVarToHost : invalid input resource for renderVar SemanticOcclusionSD
2024-09-10 06:01:17 [90,222ms] [Warning] [omni.replicator.core.plugin] OgnSemanticOcclusionReduction: no semantics in the scene.
2024-09-10 06:01:18 [91,325ms] [Warning] [omni.physx.cooking.plugin] m_processResult == OperationResult::SUCCESS is false.
2024-09-10 06:01:18 [91,325ms] [Warning] [omni.physx.cooking.plugin] UjitsoMeshCookingContext: cooking failure for /World/env_0/scene/geometry/isaacsim_b2f1bf0a0de54856b1d9c8816633c0bb/chunk154_group000_sub000
2024-09-10 06:01:18 [91,326ms] [Warning] [omni.physx.plugin] Unable to create triangle mesh for:/World/env_0/scene/geometry
2024-09-10 06:01:18 [91,326ms] [Warning] [omni.physx.cooking.plugin] m_processResult == OperationResult::SUCCESS is false.
2024-09-10 06:01:18 [91,326ms] [Warning] [omni.physx.cooking.plugin] UjitsoMeshCookingContext: cooking failure for /World/env_0/scene/geometry/isaacsim_b2f1bf0a0de54856b1d9c8816633c0bb/chunk155_group000_sub000_filled001
2024-09-10 06:01:18 [91,326ms] [Warning] [omni.physx.plugin] Unable to create triangle mesh for:/World/env_0/scene/geometry
2024-09-10 06:01:18 [91,332ms] [Warning] [omni.physx.cooking.plugin] m_processResult == OperationResult::SUCCESS is false.
2024-09-10 06:01:18 [91,333ms] [Warning] [omni.physx.cooking.plugin] UjitsoMeshCookingContext: cooking failure for /World/env_0/scene/geometry/isaacsim_b2f1bf0a0de54856b1d9c8816633c0bb/chunk164_group001_sub000
2024-09-10 06:01:18 [91,333ms] [Warning] [omni.physx.plugin] Unable to create triangle mesh for:/World/env_0/scene/geometry
2024-09-10 06:01:18 [91,333ms] [Warning] [omni.physx.cooking.plugin] m_processResult == OperationResult::SUCCESS is false.
2024-09-10 06:01:18 [91,333ms] [Warning] [omni.physx.cooking.plugin] UjitsoMeshCookingContext: cooking failure for /World/env_0/scene/geometry/isaacsim_b2f1bf0a0de54856b1d9c8816633c0bb/chunk165_group001_sub000_filled001
2024-09-10 06:01:18 [91,333ms] [Warning] [omni.physx.plugin] Unable to create triangle mesh for:/World/env_0/scene/geometry
2024-09-10 06:01:18 [91,370ms] [Warning] [omni.physx.plugin] The rigid body at /World/env_0/robots/World/h1/imu_link has a possibly invalid inertia tensor of {1.0, 1.0, 1.0} and a negative mass, small sphere approximated inertia was used. Either specify correct values in the mass properties, or add collider(s) to any shape(s) that you wish to automatically compute mass properties for.
2024-09-10 06:01:18 [91,370ms] [Warning] [omni.physx.plugin] The rigid body at /World/env_0/robots/World/h1/logo_link has a possibly invalid inertia tensor of {1.0, 1.0, 1.0} and a negative mass, small sphere approximated inertia was used. Either specify correct values in the mass properties, or add collider(s) to any shape(s) that you wish to automatically compute mass properties for.
2024-09-10 06:01:18 [91,372ms] [Warning] [omni.physx.plugin] Detected an articulation at /World/env_0/robots/World/h1 with more than 4 velocity iterations being added to a TGS scene.The related behavior changed recently, pl['/ssd/xiaxinyuan/code/w61-grutopia/vln', '/home/xiaxinyuan/.conda/envs/isaacsim/lib/python310.zip', '/home/xiaxinyuan/.conda/envs/isaacsim/lib/python3.10', '/home/xiaxinyuan/.conda/envs/isaacsim/lib/python3.10/lib-dynload', '/home/xiaxinyuan/.conda/envs/isaacsim/lib/python3.10/site-packages', '__editable__.omni_isaac_lab-0.22.1.finder.__path_hook__', '__editable__.omni_isaac_lab_assets-0.1.3.finder.__path_hook__', '__editable__.omni_isaac_lab_tasks-0.10.0.finder.__path_hook__', '/ssd/xiaxinyuan/code/w61-grutopia', '/home/xiaxinyuan/Hierarchical-Localization', '/ssd/xiaxinyuan/code/isaac-sim-4.0.0', '/ssd/xiaxinyuan/code/w61-grutopia']
['/ssd/xiaxinyuan/code/w61-grutopia/vln', '/home/xiaxinyuan/.conda/envs/isaacsim/lib/python310.zip', '/home/xiaxinyuan/.conda/envs/isaacsim/lib/python3.10', '/home/xiaxinyuan/.conda/envs/isaacsim/lib/python3.10/lib-dynload', '/home/xiaxinyuan/.conda/envs/isaacsim/lib/python3.10/site-packages', '__editable__.omni_isaac_lab-0.22.1.finder.__path_hook__', '__editable__.omni_isaac_lab_assets-0.1.3.finder.__path_hook__', '__editable__.omni_isaac_lab_tasks-0.10.0.finder.__path_hook__', '/ssd/xiaxinyuan/code/w61-grutopia', '/home/xiaxinyuan/Hierarchical-Localization', '/ssd/xiaxinyuan/code/isaac-sim-4.0.0', '/ssd/xiaxinyuan/code/w61-grutopia', '/ssd/xiaxinyuan/code/w61-grutopia/vln/src/local_nav', '/ssd/xiaxinyuan/code/w61-grutopia/vln/src', '/ssd/xiaxinyuan/code/w61-grutopia/vlmaps']
val_seen
Starting kit application with the following args:  ['/ssd/xiaxinyuan/.conda/envs/isaacsim/lib/python3.10/site-packages/isaacsim/exts/omni.isaac.kit/omni/isaac/kit/simulation_app.py', '/ssd/xiaxinyuan/.conda/envs/isaacsim/lib/python3.10/site-packages/isaacsim/apps/omni.isaac.sim.python.kit', '--/app/tokens/exe-path=/ssd/xiaxinyuan/.conda/envs/isaacsim/lib/python3.10/site-packages/omni', '--/persistent/app/viewport/displayOptions=3094', '--/rtx/materialDb/syncLoads=True', '--/rtx/hydra/materialSyncLoads=True', '--/omni.kit.plugin/syncUsdLoads=True', '--/app/renderer/resolution/width=1280', '--/app/renderer/resolution/height=720', '--/app/window/width=1440', '--/app/window/height=900', '--/renderer/multiGpu/enabled=True', '--/app/fastShutdown=True', '--ext-folder', '/ssd/xiaxinyuan/.conda/envs/isaacsim/lib/python3.10/site-packages/isaacsim/exts', '--ext-folder', '/ssd/xiaxinyuan/.conda/envs/isaacsim/lib/python3.10/site-packages/isaacsim/apps', '--/physics/cudaDevice=0', '--portable', '--no-window', '--/app/window/hideUi=1', '--allow-root']
Passing the following args to the base kit application:  ['--headless', '--vln_cfg_file', 'vln/configs/vln_extract_data.yaml', '--sim_cfg_file', 'vln/configs/sample_episodes_sim_cfg.yaml']
ViewportTransformManipulatorExt on_startup
Warp 1.3.1 initialized:
   CUDA Toolkit 12.5, Driver 12.4
   Devices:
     "cpu"      : "x86_64"
     "cuda:0"   : "NVIDIA GeForce RTX 4090" (24 GiB, sm_89, mempool enabled)
     "cuda:1"   : "NVIDIA GeForce RTX 4090" (24 GiB, sm_89, mempool enabled)
     "cuda:2"   : "NVIDIA GeForce RTX 4090" (24 GiB, sm_89, mempool enabled)
     "cuda:3"   : "NVIDIA GeForce RTX 4090" (24 GiB, sm_89, mempool enabled)
     "cuda:4"   : "NVIDIA GeForce RTX 4090" (24 GiB, sm_89, mempool enabled)
     "cuda:5"   : "NVIDIA GeForce RTX 4090" (24 GiB, sm_89, mempool enabled)
     "cuda:6"   : "NVIDIA GeForce RTX 4090" (24 GiB, sm_89, mempool enabled)
     "cuda:7"   : "NVIDIA GeForce RTX 4090" (24 GiB, sm_89, mempool enabled)
   CUDA peer access:
     Not supported
   Kernel cache:
     /root/.cache/warp/1.3.1
ActorCritic.__init__ got unexpected arguments, which will be ignored: ['class_name']
Actor MLP: Sequential(
  (0): Linear(in_features=471, out_features=1024, bias=True)
  (1): ELU(alpha=1.0)
  (2): Linear(in_features=1024, out_features=512, bias=True)
  (3): ELU(alpha=1.0)
  (4): Linear(in_features=512, out_features=256, bias=True)
  (5): ELU(alpha=1.0)
  (6): Linear(in_features=256, out_features=19, bias=True)
)
Critic MLP: Sequential(
  (0): Linear(in_features=471, out_features=1024, bias=True)
  (1): ELU(alpha=1.0)
  (2): Linear(in_features=1024, out_features=512, bias=True)
  (3): ELU(alpha=1.0)
  (4): Linear(in_features=512, out_features=256, bias=True)
  (5): ELU(alpha=1.0)
  (6): Linear(in_features=256, out_features=1, bias=True)
)
ActorCritic.__init__ got unexpected arguments, which will be ignored: ['class_name']
Actor MLP: Sequential(
  (0): Linear(in_features=471, out_features=1024, bias=True)
  (1): ELU(alpha=1.0)
  (2): Linear(in_features=1024, out_features=512, bias=True)
  (3): ELU(alpha=1.0)
  (4): Linear(in_features=512, out_features=256, bias=True)
  (5): ELU(alpha=1.0)
  (6): Linear(in_features=256, out_features=19, bias=True)
)
Critic MLP: Sequential(
  (0): Linear(in_features=471, out_features=1024, bias=True)
  (1): ELU(alpha=1.0)
  (2): Linear(in_features=1024, out_features=512, bias=True)
  (3): ELU(alpha=1.0)
  (4): Linear(in_features=512, out_features=256, bias=True)
  (5): ELU(alpha=1.0)
  (6): Linear(in_features=256, out_features=1, bias=True)
)
ActorCritic.__init__ got unexpected arguments, which will be ignored: ['class_name']
Actor MLP: Sequential(
  (0): Linear(in_features=471, out_features=1024, bias=True)
  (1): ELU(alpha=1.0)
  (2): Linear(in_features=1024, out_features=512, bias=True)
  (3): ELU(alpha=1.0)
  (4): Linear(in_features=512, out_features=256, bias=True)
  (5): ELU(alpha=1.0)
  (6): Linear(in_features=256, out_features=19, bias=True)
)
Critic MLP: Sequential(
  (0): Linear(in_features=471, out_features=1024, bias=True)
  (1): ELU(alpha=1.0)
  (2): Linear(in_features=1024, out_features=512, bias=True)
  (3): ELU(alpha=1.0)
  (4): Linear(in_features=512, out_features=256, bias=True)
  (5): ELU(alpha=1.0)
  (6): Linear(in_features=256, out_features=1, bias=True)
)
ActorCritic.__init__ got unexpected arguments, which will be ignored: ['class_name']
Actor MLP: Sequential(
  (0): Linear(in_features=471, out_features=1024, bias=True)
  (1): ELU(alpha=1.0)
  (2): Linear(in_features=1024, out_features=512, bias=True)
  (3): ELU(alpha=1.0)
  (4): Linear(in_features=512, out_features=256, bias=True)
  (5): ELU(alpha=1.0)
  (6): Linear(in_features=256, out_features=19, bias=True)
)
Critic MLP: Sequential(
  (0): Linear(in_features=471, out_features=1024, bias=True)
  (1): ELU(alpha=1.0)
  (2): Linear(in_features=1024, out_features=512, bias=True)
  (3): ELU(alpha=1.0)
  (4): Linear(in_features=512, out_features=256, bias=True)
  (5): ELU(alpha=1.0)
  (6): Linear(in_features=256, out_features=1, bias=True)
)
ActorCritic.__init__ got unexpected arguments, which will be ignored: ['class_name']
Actor MLP: Sequential(
  (0): Linear(in_features=471, out_features=1024, bias=True)
  (1): ELU(alpha=1.0)
  (2): Linear(in_features=1024, out_features=512, bias=True)
  (3): ELU(alpha=1.0)
  (4): Linear(in_features=512, out_features=256, bias=True)
  (5): ELU(alpha=1.0)
  (6): Linear(in_features=256, out_features=19, bias=True)
)
Critic MLP: Sequential(
  (0): Linear(in_features=471, out_features=1024, bias=True)
  (1): ELU(alpha=1.0)
  (2): Linear(in_features=1024, out_features=512, bias=True)
  (3): ELU(alpha=1.0)
  (4): Linear(in_features=512, out_features=256, bias=True)
  (5): ELU(alpha=1.0)
  (6): Linear(in_features=256, out_features=1, bias=True)
)
ActorCritic.__init__ got unexpected arguments, which will be ignored: ['class_name']
Actor MLP: Sequential(
  (0): Linear(in_features=471, out_features=1024, bias=True)
  (1): ELU(alpha=1.0)
  (2): Linear(in_features=1024, out_features=512, bias=True)
  (3): ELU(alpha=1.0)
  (4): Linear(in_features=512, out_features=256, bias=True)
  (5): ELU(alpha=1.0)
  (6): Linear(in_features=256, out_features=19, bias=True)
)
Critic MLP: Sequential(
  (0): Linear(in_features=471, out_features=1024, bias=True)
  (1): ELU(alpha=1.0)
  (2): Linear(in_features=1024, out_features=512, bias=True)
  (3): ELU(alpha=1.0)
  (4): Linear(in_features=512, out_features=256, bias=True)
  (5): ELU(alpha=1.0)
  (6): Linear(in_features=256, out_features=1, bias=True)
)
Topdown camera pose init: (array([ 5.58285   , -2.81789   , -0.57655793], dtype=float32), array([-2.58819067e-01, -3.59183581e-18,  3.59183581e-18,  9.65925820e-01]))
[2024-09-10 14:01:29,551][INFO] /ssd/xiaxinyuan/code/w61-grutopia/vln/src/dataset/data_utils.py[line:395] -: trajectory id 37
[2024-09-10 14:01:29,552][INFO] /ssd/xiaxinyuan/code/w61-grutopia/vln/src/dataset/data_utils.py[line:396] -: Initialized scan s8pcmisQ38h
[2024-09-10 14:01:29,552][INFO] /ssd/xiaxinyuan/code/w61-grutopia/vln/src/dataset/data_utils.py[line:397] -: Instruction: Walk down the stairs, turn right, and walk towards place with a rug. Wait near the bench and piano along the right side of the wall. 
[2024-09-10 14:01:29,552][INFO] /ssd/xiaxinyuan/code/w61-grutopia/vln/src/dataset/data_utils.py[line:398] -: Start Position: [ 5.58284998 -2.81788993 -0.57655795], Start Rotation: [0.25881904510252063, -0.0, -0.0, -0.9659258262890683]
[2024-09-10 14:01:29,552][INFO] /ssd/xiaxinyuan/code/w61-grutopia/grutopia_extension/controllers/oracle_move_along_path_points_controller.py[line:45] -: reset path points
[2024-09-10 14:02:21,430][INFO] /ssd/xiaxinyuan/code/w61-grutopia/vln/src/local_nav/global_topdown_map.py[line:83] -: update global topdown map at height: -1
[2024-09-10 14:02:21,431][INFO] /ssd/xiaxinyuan/code/w61-grutopia/vln/main.py[line:471] -: ====The global freemap has been initialized for s8pcmisQ38h====
[2024-09-10 14:02:21,431][INFO] /ssd/xiaxinyuan/code/w61-grutopia/vln/main.py[line:483] -: ===The robot starts navigating===
[2024-09-10 14:02:21,431][INFO] /ssd/xiaxinyuan/code/w61-grutopia/vln/main.py[line:485] -: ===The robot is navigating to the 1-th target place.===
[2024-09-10 14:02:21,447][INFO] /ssd/xiaxinyuan/code/w61-grutopia/grutopia_extension/controllers/oracle_move_along_path_points_controller.py[line:45] -: reset path points
[2024-09-10 14:03:07,361][INFO] /ssd/xiaxinyuan/code/w61-grutopia/grutopia_extension/controllers/oracle_move_along_path_points_controller.py[line:56] -: switch to next path point: [ 4.82264996 -2.79359007 -1.16733284]
[2024-09-10 14:03:12,909][INFO] /ssd/xiaxinyuan/code/w61-grutopia/vln/main.py[line:485] -: ===The robot is navigating to the 2-th target place.===
[2024-09-10 14:03:12,924][INFO] /ssd/xiaxinyuan/code/w61-grutopia/vln/src/local_nav/global_topdown_map.py[line:83] -: update global topdown map at height: -2
[2024-09-10 14:03:12,925][INFO] /ssd/xiaxinyuan/code/w61-grutopia/grutopia_extension/controllers/oracle_move_along_path_points_controller.py[line:45] -: reset path points
[2024-09-10 14:03:30,315][INFO] /ssd/xiaxinyuan/code/w61-grutopia/grutopia_extension/controllers/oracle_move_along_path_points_controller.py[line:56] -: switch to next path point: [ 3.58424997 -2.70576    -1.71167393]
[2024-09-10 14:03:36,162][INFO] /ssd/xiaxinyuan/code/w61-grutopia/vln/main.py[line:485] -: ===The robot is navigating to the 3-th target place.===
[2024-09-10 14:03:36,180][INFO] /ssd/xiaxinyuan/code/w61-grutopia/grutopia_extension/controllers/oracle_move_along_path_points_controller.py[line:45] -: reset path points
[2024-09-10 14:04:15,455][INFO] /ssd/xiaxinyuan/code/w61-grutopia/grutopia_extension/controllers/oracle_move_along_path_points_controller.py[line:56] -: switch to next path point: [ 4.09131002 -1.22950006 -2.11167402]
[2024-09-10 14:04:21,085][INFO] /ssd/xiaxinyuan/code/w61-grutopia/vln/main.py[line:485] -: ===The robot is navigating to the 4-th target place.===
[2024-09-10 14:04:21,105][INFO] /ssd/xiaxinyuan/code/w61-grutopia/vln/src/local_nav/global_topdown_map.py[line:83] -: update global topdown map at height: -3
[2024-09-10 14:04:21,105][INFO] /ssd/xiaxinyuan/code/w61-grutopia/vln/src/local_nav/path_planner.py[line:647] -: Initialize the start position in path planner.
[2024-09-10 14:04:21,112][INFO] /ssd/xiaxinyuan/code/w61-grutopia/grutopia_extension/controllers/oracle_move_along_path_points_controller.py[line:45] -: reset path points
[2024-09-10 14:04:48,335][INFO] /ssd/xiaxinyuan/code/w61-grutopia/grutopia_extension/controllers/oracle_move_along_path_points_controller.py[line:56] -: switch to next path point: [ 7.09131002 -1.32950041 -2.11184382]
[2024-09-10 14:05:10,472][INFO] /ssd/xiaxinyuan/code/w61-grutopia/grutopia_extension/controllers/oracle_move_along_path_points_controller.py[line:56] -: switch to next path point: [ 7.29131002 -1.32950041 -2.11184382]
[2024-09-10 14:05:32,017][INFO] /ssd/xiaxinyuan/code/w61-grutopia/grutopia_extension/controllers/oracle_move_along_path_points_controller.py[line:56] -: switch to next path point: [ 7.39131002 -1.42950041 -2.11184382]
[2024-09-10 14:05:43,395][INFO] /ssd/xiaxinyuan/code/w61-grutopia/grutopia_extension/controllers/oracle_move_along_path_points_controller.py[line:56] -: switch to next path point: [ 7.35482979 -1.38892996 -2.11184382]
[2024-09-10 14:05:48,946][INFO] /ssd/xiaxinyuan/code/w61-grutopia/vln/main.py[line:485] -: ===The robot is navigating to the 5-th target place.===
[2024-09-10 14:05:48,983][INFO] /ssd/xiaxinyuan/code/w61-grutopia/grutopia_extension/controllers/oracle_move_along_path_points_controller.py[line:45] -: reset path points
[2024-09-10 14:06:05,908][INFO] /ssd/xiaxinyuan/code/w61-grutopia/grutopia_extension/controllers/oracle_move_along_path_points_controller.py[line:56] -: switch to next path point: [10.39131021 -1.52950046 -2.11252522]
[2024-09-10 14:06:11,378][WARNING] /ssd/xiaxinyuan/code/w61-grutopia/vln/main.py[line:445] -: Scan: s8pcmisQ38h, Path_id: 37. Exceed the maximum steps: 300
[2024-09-10 14:06:13,855][INFO] /ssd/xiaxinyuan/code/w61-grutopia/vln/main.py[line:574] -: Total time for the [scan: s8pcmisQ38h] and [path_id: 37] episode: 4.74 minutes
[2024-09-10 14:06:13,858][INFO] /ssd/xiaxinyuan/code/w61-grutopia/vln/src/dataset/data_utils.py[line:395] -: trajectory id 2606
[2024-09-10 14:06:13,859][INFO] /ssd/xiaxinyuan/code/w61-grutopia/vln/src/dataset/data_utils.py[line:396] -: Initialized scan s8pcmisQ38h
[2024-09-10 14:06:13,859][INFO] /ssd/xiaxinyuan/code/w61-grutopia/vln/src/dataset/data_utils.py[line:397] -: Instruction: Walk forward and make your way up the steps, turn left and make your way past the chair before stopping at the beginning of the stairs. 
[2024-09-10 14:06:13,860][INFO] /ssd/xiaxinyuan/code/w61-grutopia/vln/src/dataset/data_utils.py[line:398] -: Start Position: [ 6.70725012 -2.81195998 -0.41238828], Start Rotation: [0.5000000000000002, -0.0, -0.0, -0.8660254037844385]
[2024-09-10 14:06:13,861][INFO] /ssd/xiaxinyuan/code/w61-grutopia/grutopia_extension/controllers/oracle_move_along_path_points_controller.py[line:45] -: reset path points
[2024-09-10 14:06:14,368][INFO] /ssd/xiaxinyuan/code/w61-grutopia/vln/main.py[line:483] -: ===The robot starts navigating===
[2024-09-10 14:06:14,368][INFO] /ssd/xiaxinyuan/code/w61-grutopia/vln/main.py[line:485] -: ===The robot is navigating to the 1-th target place.===
[2024-09-10 14:06:14,386][INFO] /ssd/xiaxinyuan/code/w61-grutopia/grutopia_extension/controllers/oracle_move_along_path_points_controller.py[line:45] -: reset path points
[2024-09-10 14:06:36,204][INFO] /ssd/xiaxinyuan/code/w61-grutopia/grutopia_extension/controllers/oracle_move_along_path_points_controller.py[line:56] -: switch to next path point: [ 8.38129044 -2.82414007 -0.40608329]
[2024-09-10 14:06:41,843][INFO] /ssd/xiaxinyuan/code/w61-grutopia/vln/main.py[line:485] -: ===The robot is navigating to the 2-th target place.===
[2024-09-10 14:06:41,865][INFO] /ssd/xiaxinyuan/code/w61-grutopia/grutopia_extension/controllers/oracle_move_along_path_points_controller.py[line:45] -: reset path points
[2024-09-10 14:07:10,745][INFO] /ssd/xiaxinyuan/code/w61-grutopia/grutopia_extension/controllers/oracle_move_along_path_points_controller.py[line:56] -: switch to next path point: [ 9.75086975 -2.73579001  0.46823471]
[2024-09-10 14:07:16,158][INFO] /ssd/xiaxinyuan/code/w61-grutopia/vln/main.py[line:485] -: ===The robot is navigating to the 3-th target place.===
[2024-09-10 14:07:16,177][INFO] /ssd/xiaxinyuan/code/w61-grutopia/vln/src/local_nav/global_topdown_map.py[line:83] -: update global topdown map at height: 0
[2024-09-10 14:07:16,178][INFO] /ssd/xiaxinyuan/code/w61-grutopia/grutopia_extension/controllers/oracle_move_along_path_points_controller.py[line:45] -: reset path points
[2024-09-10 14:07:32,063][INFO] /ssd/xiaxinyuan/code/w61-grutopia/grutopia_extension/controllers/oracle_move_along_path_points_controller.py[line:56] -: switch to next path point: [11.11600018 -2.69221997  1.11797964]
[2024-09-10 14:07:37,966][INFO] /ssd/xiaxinyuan/code/w61-grutopia/vln/main.py[line:485] -: ===The robot is navigating to the 4-th target place.===
[2024-09-10 14:07:37,985][INFO] /ssd/xiaxinyuan/code/w61-grutopia/vln/src/local_nav/global_topdown_map.py[line:83] -: update global topdown map at height: 1
[2024-09-10 14:07:37,986][INFO] /ssd/xiaxinyuan/code/w61-grutopia/grutopia_extension/controllers/oracle_move_along_path_points_controller.py[line:45] -: reset path points
[2024-09-10 14:08:06,649][INFO] /ssd/xiaxinyuan/code/w61-grutopia/grutopia_extension/controllers/oracle_move_along_path_points_controller.py[line:56] -: switch to next path point: [11.25839996  2.58583999  2.08832603]
[2024-09-10 14:08:17,908][INFO] /ssd/xiaxinyuan/code/w61-grutopia/vln/main.py[line:541] -: ===The robot has achieved the final target.===
[2024-09-10 14:08:17,908][INFO] /ssd/xiaxinyuan/code/w61-grutopia/vln/main.py[line:542] -: ===Break this episode.===
[2024-09-10 14:08:19,327][INFO] /ssd/xiaxinyuan/code/w61-grutopia/vln/main.py[line:574] -: Total time for the [scan: s8pcmisQ38h] and [path_id: 2606] episode: 2.09 minutes
ease consult the changelog. This warning will only print once.
2024-09-10 06:01:26 [99,454ms] [Warning] [carb] Client omni.hydratexture.plugin has acquired [carb::dictionary::IDictionary v1.1] 100 times. Consider accessing this interface with carb::getCachedInterface() (Performance warning)
2024-09-10 06:06:11 [384,506ms] [Warning] [GRUtopia/logs/_log_20240910_135938.txt] Scan: s8pcmisQ38h, Path_id: 37. Exceed the maximum steps: 300
2024-09-10 06:08:19 [512,569ms] [Warning] [omni.physx.tensors.plugin] prim '/World/env_0/robots/World/h1/torso_link/collisions' was deleted while being used by a shape in a tensor view class. The physics.tensors simulationView was invalidated.
2024-09-10 06:08:19 [512,716ms] [Warning] [omni.usd] Coding Error: in _Get at line 3003 of /buildAgent/work/ac88d7d902b57417/USD/pxr/usdImaging/usdImaging/delegate.cpp -- Failed verification: ' prim '

2024-09-10 06:08:19 [512,717ms] [Warning] [omni.usd] Coding Error: in _Get at line 3003 of /buildAgent/work/ac88d7d902b57417/USD/pxr/usdImaging/usdImaging/delegate.cpp -- Failed verification: ' prim '

2024-09-10 06:08:19 [512,717ms] [Warning] [omni.usd] Coding Error: in _Get at line 3003 of /buildAgent/work/ac88d7d902b57417/USD/pxr/usdImaging/usdImaging/delegate.cpp -- Failed verification: ' prim '

2024-09-10 06:08:19 [512,717ms] [Warning] [omni.usd] Coding Error: in _Get at line 3003 of /buildAgent/work/ac88d7d902b57417/USD/pxr/usdImaging/usdImaging/delegate.cpp -- Failed verification: ' prim '

2024-09-10 06:08:19 [512,717ms] [Warning] [omni.usd] Coding Error: in _Get at line 3003 of /buildAgent/work/ac88d7d902b57417/USD/pxr/usdImaging/usdImaging/delegate.cpp -- Failed verification: ' prim '

2024-09-10 06:08:19 [512,717ms] [Warning] [omni.usd] Coding Error: in _Get at line 3003 of /buildAgent/work/ac88d7d902b57417/USD/pxr/usdImaging/usdImaging/delegate.cpp -- Failed verification: ' prim '

2024-09-10 06:08:19 [512,718ms] [Warning] [omni.usd] Coding Error: in _Get at line 3003 of /buildAgent/work/ac88d7d902b57417/USD/pxr/usdImaging/usdImaging/delegate.cpp -- Failed verification: ' prim '

2024-09-10 06:08:19 [512,718ms] [Warning] [omni.usd] Coding Error: in _Get at line 3003 of /buildAgent/work/ac88d7d902b57417/USD/pxr/usdImaging/usdImaging/delegate.cpp -- Failed verification: ' prim '

2024-09-10 06:08:19 [512,718ms] [Warning] [omni.usd] Coding Error: in _Get at line 3003 of /buildAgent/work/ac88d7d902b57417/USD/pxr/usdImaging/usdImaging/delegate.cpp -- Failed verification: ' prim '

2024-09-10 06:08:19 [512,718ms] [Warning] [omni.usd] Coding Error: in _Get at line 3003 of /buildAgent/work/ac88d7d902b57417/USD/pxr/usdImaging/usdImaging/delegate.cpp -- Failed verification: ' prim '

2024-09-10 06:08:19 [512,718ms] [Warning] [omni.usd] Coding Error: in _Get at line 3003 of /buildAgent/work/ac88d7d902b57417/USD/pxr/usdImaging/usdImaging/delegate.cpp -- Failed verification: ' prim '

2024-09-10 06:08:19 [512,718ms] [Warning] [omni.usd] Coding Error: in _Get at line 3003 of /buildAgent/work/ac88d7d902b57417/USD/pxr/usdImaging/usdImaging/delegate.cpp -- Failed verification: ' prim '

2024-09-10 06:08:19 [512,719ms] [Warning] [omni.usd] Coding Error: in _Get at line 3003 of /buildAgent/work/ac88d7d902b57417/USD/pxr/usdImaging/usdImaging/delegate.cpp -- Failed verification: ' prim '

2024-09-10 06:08:19 [512,719ms] [Warning] [omni.usd] Coding Error: in _Get at line 3003 of /buildAgent/work/ac88d7d902b57417/USD/pxr/usdImaging/usdImaging/delegate.cpp -- Failed verification: ' prim '

2024-09-10 06:08:19 [512,719ms] [Warning] [omni.usd] Coding Error: in _Get at line 3003 of /buildAgent/work/ac88d7d902b57417/USD/pxr/usdImaging/usdImaging/delegate.cpp -- Failed verification: ' prim '

2024-09-10 06:08:19 [512,719ms] [Warning] [omni.usd] Coding Error: in _Get at line 3003 of /buildAgent/work/ac88d7d902b57417/USD/pxr/usdImaging/usdImaging/delegate.cpp -- Failed verification: ' prim '

2024-09-10 06:08:19 [512,719ms] [Warning] [omni.usd] Coding Error: in _Get at line 3003 of /buildAgent/work/ac88d7d902b57417/USD/pxr/usdImaging/usdImaging/delegate.cpp -- Failed verification: ' prim '

2024-09-10 06:08:19 [512,719ms] [Warning] [omni.usd] Coding Error: in _Get at line 3003 of /buildAgent/work/ac88d7d902b57417/USD/pxr/usdImaging/usdImaging/delegate.cpp -- Failed verification: ' prim '

2024-09-10 06:08:19 [512,719ms] [Warning] [omni.usd] Coding Error: in _Get at line 3003 of /buildAgent/work/ac88d7d902b57417/USD/pxr/usdImaging/usdImaging/delegate.cpp -- Failed verification: ' prim '

2024-09-10 06:08:19 [512,719ms] [Warning] [omni.usd] Coding Error: in _Get at line 3003 of /buildAgent/work/ac88d7d902b57417/USD/pxr/usdImaging/usdImaging/delegate.cpp -- Failed verification: ' prim '

2024-09-10 06:08:19 [512,720ms] [Warning] [omni.usd] Coding Error: in _Get at line 3003 of /buildAgent/work/ac88d7d902b57417/USD/pxr/usdImaging/usdImaging/delegate.cpp -- Failed verification: ' prim '

2024-09-10 06:08:19 [512,720ms] [Warning] [omni.usd] Coding Error: in _Get at line 3003 of /buildAgent/work/ac88d7d902b57417/USD/pxr/usdImaging/usdImaging/delegate.cpp -- Failed verification: ' prim '

2024-09-10 06:08:19 [512,720ms] [Warning] [omni.usd] Coding Error: in _Get at line 3003 of /buildAgent/work/ac88d7d902b57417/USD/pxr/usdImaging/usdImaging/delegate.cpp -- Failed verification: ' prim '

2024-09-10 06:08:19 [512,720ms] [Warning] [omni.usd] Coding Error: in _Get at line 3003 of /buildAgent/work/ac88d7d902b57417/USD/pxr/usdImaging/usdImaging/delegate.cpp -- Failed verification: ' prim '

2024-09-10 06:08:19 [512,720ms] [Warning] [omni.usd] Coding Error: in _Get at line 3003 of /buildAgent/work/ac88d7d902b57417/USD/pxr/usdImaging/usdImaging/delegate.cpp -- Failed verification: ' prim '

2024-09-10 06:08:19 [512,720ms] [Warning] [omni.usd] Coding Error: in _Get at line 3003 of /buildAgent/work/ac88d7d902b57417/USD/pxr/usdImaging/usdImaging/delegate.cpp -- Failed verification: ' prim '

2024-09-10 06:08:19 [512,720ms] [Warning] [omni.usd] Coding Error: in _Get at line 3003 of /buildAgent/work/ac88d7d902b57417/USD/pxr/usdImaging/usdImaging/delegate.cpp -- Failed verification: ' prim '

2024-09-10 06:08:19 [512,720ms] [Warning] [omni.usd] Coding Error: in _Get at line 3003 of /buildAgent/work/ac88d7d902b57417/USD/pxr/usdImaging/usdImaging/delegate.cpp -- Failed verification: ' prim '

2024-09-10 06:08:19 [512,721ms] [Warning] [omni.usd] Coding Error: in _Get at line 3003 of /buildAgent/work/ac88d7d902b57417/USD/pxr/usdImaging/usdImaging/delegate.cpp -- Failed verification: ' prim '

2024-09-10 06:08:19 [512,721ms] [Warning] [omni.usd] Coding Error: in _Get at line 3003 of /buildAgent/work/ac88d7d902b57417/USD/pxr/usdImaging/usdImaging/delegate.cpp -- Failed verification: ' prim '

2024-09-10 06:08:19 [512,721ms] [Warning] [omni.usd] Coding Error: in _Get at line 3003 of /buildAgent/work/ac88d7d902b57417/USD/pxr/usdImaging/usdImaging/delegate.cpp -- Failed verification: ' prim '

2024-09-10 06:08:19 [512,721ms] [Warning] [omni.usd] Coding Error: in _Get at line 3003 of /buildAgent/work/ac88d7d902b57417/USD/pxr/usdImaging/usdImaging/delegate.cpp -- Failed verification: ' prim '

2024-09-10 06:08:19 [512,721ms] [Warning] [omni.usd] Coding Error: in _Get at line 3003 of /buildAgent/work/ac88d7d902b57417/USD/pxr/usdImaging/usdImaging/delegate.cpp -- Failed verification: ' prim '

2024-09-10 06:08:19 [512,721ms] [Warning] [omni.usd] Coding Error: in _Get at line 3003 of /buildAgent/work/ac88d7d902b57417/USD/pxr/usdImaging/usdImaging/delegate.cpp -- Failed verification: ' prim '

2024-09-10 06:08:19 [512,721ms] [Warning] [omni.usd] Coding Error: in _Get at line 3003 of /buildAgent/work/ac88d7d902b57417/USD/pxr/usdImaging/usdImaging/delegate.cpp -- Failed verification: ' prim '

2024-09-10 06:08:19 [512,721ms] [Warning] [omni.usd] Coding Error: in _Get at line 3003 of /buildAgent/work/ac88d7d902b57417/USD/pxr/usdImaging/usdImaging/delegate.cpp -- Failed verification: ' prim '

2024-09-10 06:08:19 [512,721ms] [Warning] [omni.usd] Coding Error: in _Get at line 3003 of /buildAgent/work/ac88d7d902b57417/USD/pxr/usdImaging/usdImaging/delegate.cpp -- Failed verification: ' prim '

2024-09-10 06:08:19 [512,721ms] [Warning] [omni.usd] Coding Error: in _Get at line 3003 of /buildAgent/work/ac88d7d902b57417/USD/pxr/usdImaging/usdImaging/delegate.cpp -- Failed verification: ' prim '

2024-09-10 06:08:19 [512,722ms] [Warning] [omni.usd] Coding Error: in _Get at line 3003 of /buildAgent/work/ac88d7d902b57417/USD/pxr/usdImaging/usdImaging/delegate.cpp -- Failed verification: ' prim '

2024-09-10 06:08:19 [512,722ms] [Warning] [omni.usd] Coding Error: in _Get at line 3003 of /buildAgent/work/ac88d7d902b57417/USD/pxr/usdImaging/usdImaging/delegate.cpp -- Failed verification: ' prim '

2024-09-10 06:08:19 [512,722ms] [Warning] [omni.usd] Coding Error: in _Get at line 3003 of /buildAgent/work/ac88d7d902b57417/USD/pxr/usdImaging/usdImaging/delegate.cpp -- Failed verification: ' prim '

2024-09-10 06:08:19 [512,722ms] [Warning] [omni.usd] Coding Error: in _Get at line 3003 of /buildAgent/work/ac88d7d902b57417/USD/pxr/usdImaging/usdImaging/delegate.cpp -- Failed verification: ' prim '

2024-09-10 06:08:19 [512,722ms] [Warning] [omni.usd] Coding Error: in _Get at line 3003 of /buildAgent/work/ac88d7d902b57417/USD/pxr/usdImaging/usdImaging/delegate.cpp -- Failed verification: ' prim '

2024-09-10 06:08:19 [512,722ms] [Warning] [omni.usd] Coding Error: in _Get at line 3003 of /buildAgent/work/ac88d7d902b57417/USD/pxr/usdImaging/usdImaging/delegate.cpp -- Failed verification: ' prim '

2024-09-10 06:08:19 [512,722ms] [Warning] [omni.usd] Coding Error: in _Get at line 3003 of /buildAgent/work/ac88d7d902b57417/USD/pxr/usdImaging/usdImaging/delegate.cpp -- Failed verification: ' prim '

2024-09-10 06:08:19 [512,722ms] [Warning] [omni.usd] Coding Error: in _Get at line 3003 of /buildAgent/work/ac88d7d902b57417/USD/pxr/usdImaging/usdImaging/delegate.cpp -- Failed verification: ' prim '

2024-09-10 06:08:19 [512,722ms] [Warning] [omni.usd] Coding Error: in _Get at line 3003 of /buildAgent/work/ac88d7d902b57417/USD/pxr/usdImaging/usdImaging/delegate.cpp -- Failed verification: ' prim '

2024-09-10 06:08:19 [512,723ms] [Warning] [omni.usd] Coding Error: in _Get at line 3003 of /buildAgent/work/ac88d7d902b57417/USD/pxr/usdImaging/usdImaging/delegate.cpp -- Failed verification: ' prim '

2024-09-10 06:08:19 [512,723ms] [Warning] [omni.usd] Coding Error: in _Get at line 3003 of /buildAgent/work/ac88d7d902b57417/USD/pxr/usdImaging/usdImaging/delegate.cpp -- Failed verification: ' prim '

2024-09-10 06:08:19 [512,723ms] [Warning] [omni.usd] Coding Error: in _Get at line 3003 of /buildAgent/work/ac88d7d902b57417/USD/pxr/usdImaging/usdImaging/delegate.cpp -- Failed verification: ' prim '

2024-09-10 06:08:19 [512,723ms] [Warning] [omni.usd] Coding Error: in _Get at line 3003 of /buildAgent/work/ac88d7d902b57417/USD/pxr/usdImaging/usdImaging/delegate.cpp -- Failed verification: ' prim '

2024-09-10 06:08:19 [512,723ms] [Warning] [omni.usd] Coding Error: in _Get at line 3003 of /buildAgent/work/ac88d7d902b57417/USD/pxr/usdImaging/usdImaging/delegate.cpp -- Failed verification: ' prim '

2024-09-10 06:08:19 [512,723ms] [Warning] [omni.usd] Coding Error: in _Get at line 3003 of /buildAgent/work/ac88d7d902b57417/USD/pxr/usdImaging/usdImaging/delegate.cpp -- Failed verification: ' prim '

2024-09-10 06:08:19 [512,723ms] [Warning] [omni.usd] Coding Error: in _Get at line 3003 of /buildAgent/work/ac88d7d902b57417/USD/pxr/usdImaging/usdImaging/delegate.cpp -- Failed verification: ' prim '

2024-09-10 06:08:19 [512,723ms] [Warning] [omni.usd] Coding Error: in _Get at line 3003 of /buildAgent/work/ac88d7d902b57417/USD/pxr/usdImaging/usdImaging/delegate.cpp -- Failed verification: ' prim '

2024-09-10 06:08:19 [512,723ms] [Warning] [omni.usd] Coding Error: in _Get at line 3003 of /buildAgent/work/ac88d7d902b57417/USD/pxr/usdImaging/usdImaging/delegate.cpp -- Failed verification: ' prim '

2024-09-10 06:08:19 [512,723ms] [Warning] [omni.usd] Coding Error: in _Get at line 3003 of /buildAgent/work/ac88d7d902b57417/USD/pxr/usdImaging/usdImaging/delegate.cpp -- Failed verification: ' prim '

2024-09-10 06:08:19 [512,723ms] [Warning] [omni.usd] Coding Error: in _Get at line 3003 of /bFatal Python error: Segmentation fault

Thread 0x00007f9265ffb640 (most recent call first):
  File "/home/xiaxinyuan/.conda/envs/isaacsim/lib/python3.10/concurrent/futures/thread.py", line 81 in _worker
  File "/home/xiaxinyuan/.conda/envs/isaacsim/lib/python3.10/threading.py", line 953 in run
  File "/home/xiaxinyuan/.conda/envs/isaacsim/lib/python3.10/threading.py", line 1016 in _bootstrap_inner
  File "/home/xiaxinyuan/.conda/envs/isaacsim/lib/python3.10/threading.py", line 973 in _bootstrap

Thread 0x00007f9264ff9640 (most recent call first):
  File "/home/xiaxinyuan/.conda/envs/isaacsim/lib/python3.10/concurrent/futures/thread.py", line 81 in _worker
  File "/home/xiaxinyuan/.conda/envs/isaacsim/lib/python3.10/threading.py", line 953 in run
  File "/home/xiaxinyuan/.conda/envs/isaacsim/lib/python3.10/threading.py", line 1016 in _bootstrap_inner
  File "/home/xiaxinyuan/.conda/envs/isaacsim/lib/python3.10/threading.py", line 973 in _bootstrap

Thread 0x00007f92c73ff640 (most recent call first):
  File "/home/xiaxinyuan/.conda/envs/isaacsim/lib/python3.10/concurrent/futures/thread.py", line 81 in _worker
  File "/home/xiaxinyuan/.conda/envs/isaacsim/lib/python3.10/threading.py", line 953 in run
  File "/home/xiaxinyuan/.conda/envs/isaacsim/lib/python3.10/threading.py", line 1016 in _bootstrap_inner
  File "/home/xiaxinyuan/.conda/envs/isaacsim/lib/python3.10/threading.py", line 973 in _bootstrap

Thread 0x00007f92ce3ff640 (most recent call first):
  File "/home/xiaxinyuan/.conda/envs/isaacsim/lib/python3.10/concurrent/futures/thread.py", line 81 in _worker
  File "/home/xiaxinyuan/.conda/envs/isaacsim/lib/python3.10/threading.py", line 953 in run
  File "/home/xiaxinyuan/.conda/envs/isaacsim/lib/python3.10/threading.py", line 1016 in _bootstrap_inner
  File "/home/xiaxinyuan/.conda/envs/isaacsim/lib/python3.10/threading.py", line 973 in _bootstrap

Thread 0x00007f9d5992c640 (most recent call first):
  File "/home/xiaxinyuan/.conda/envs/isaacsim/lib/python3.10/selectors.py", line 469 in select
  File "/home/xiaxinyuan/.conda/envs/isaacsim/lib/python3.10/asyncio/base_events.py", line 1871 in _run_once
  File "/home/xiaxinyuan/.conda/envs/isaacsim/lib/python3.10/asyncio/base_events.py", line 603 in run_forever
  File "/ssd/xiaxinyuan/code/w61-grutopia/grutopia/core/util/async_req.py", line 42 in start_loop
  File "/home/xiaxinyuan/.conda/envs/isaacsim/lib/python3.10/threading.py", line 953 in run
  File "/home/xiaxinyuan/.conda/envs/isaacsim/lib/python3.10/threading.py", line 1016 in _bootstrap_inner
  File "/home/xiaxinyuan/.conda/envs/isaacsim/lib/python3.10/threading.py", line 973 in _bootstrap

Current thread 0x00007f9dfced5480 (most recent call first):
  File "/ssd/xiaxinyuan/.conda/envs/isaacsim/lib/python3.10/site-packages/isaacsim/exts/omni.isaac.core/omni/isaac/core/utils/stage.py", line 189 in clear_stage
  File "/ssd/xiaxinyuan/.conda/envs/isaacsim/lib/python3.10/site-packages/isaacsim/exts/omni.isaac.core/omni/isaac/core/simulation_context/simulation_context.py", line 788 in clear
  File "/ssd/xiaxinyuan/.conda/envs/isaacsim/lib/python3.10/site-packages/isaacsim/exts/omni.isaac.core/omni/isaac/core/world/world.py", line 598 in clear
  File "/ssd/xiaxinyuan/code/w61-grutopia/vln/src/dataset/data_utils.py", line 384 in init_one_scan
  File "/ssd/xiaxinyuan/code/w61-grutopia/vln/main.py", line 402 in sample_episodes
  File "/ssd/xiaxinyuan/code/w61-grutopia/vln/main.py", line 594 in <module>

Extension modules: numpy.core._multiarray_umath, numpy.core._multiarray_tests, numpy.linalg._umath_linalg, numpy.fft._pocketfft_internal, numpy.random._common, numpy.random.bit_generator, numpy.random._bounded_integers, numpy.random._mt19937, numpy.random.mtrand, numpy.random._philox, numpy.random._pcg64, numpy.random._sfc64, numpy.random._generator, yaml._yaml, PIL._imaging, pydantic.typing, pydantic.errors, pydantic.version, pydantic.utils, pydantic.class_validators, pydantic.color, pydantic.datetime_parse, pydantic.validators, pydantic.networks, pydantic.types, pydantic.json, pydantic.error_wrappers, pydantic.fields, pydantic.config, pydantic.parse, pydantic.schema, pydantic.main, pydantic.dataclasses, pydantic.annotated_types, pydantic.decorator, pydantic.env_settings, pydantic.tools, pydantic, scipy._lib._ccallback_c, scipy.sparse._sparsetools, _csparsetools, scipy.sparse._csparsetools, scipy.linalg._fblas, scipy.linalg._flapack, scipy.linalg.cython_lapack, scipy.linalg._cythonized_array_utils, scipy.linalg._solve_toeplitz, scipy.linalg._decomp_lu_cython, scipy.linalg._matfuncs_sqrtm_triu, scipy.linalg.cython_blas, scipy.linalg._matfuncs_expm, scipy.linalg._decomp_update, scipy.sparse.linalg._dsolve._superlu, scipy.sparse.linalg._eigen.arpack._arpack, scipy.sparse.linalg._propack._spropack, scipy.sparse.linalg._propack._dpropack, scipy.sparse.linalg._propack._cpropack, scipy.sparse.linalg._propack._zpropack, scipy.sparse.csgraph._tools, scipy.sparse.csgraph._shortest_path, scipy.sparse.csgraph._traversal, scipy.sparse.csgraph._min_spanning_tree, scipy.sparse.csgraph._flow, scipy.sparse.csgraph._matching, scipy.sparse.csgraph._reordering, scipy.spatial._ckdtree, scipy._lib.messagestream, scipy.spatial._qhull, scipy.spatial._voronoi, scipy.spatial._distance_wrap, scipy.spatial._hausdorff, scipy.special._ufuncs_cxx, scipy.special._ufuncs, scipy.special._specfun, scipy.special._comb, scipy.special._ellip_harm_2, scipy.spatial.transform._rotation, matplotlib._c_internal_utils, matplotlib._path, kiwisolver._cext, matplotlib._image, torch._C, torch._C._fft, torch._C._linalg, torch._C._nested, torch._C._nn, torch._C._sparse, torch._C._special, scipy.ndimage._nd_image, _ni_label, scipy.ndimage._ni_label, markupsafe._speedups, zmq.backend.cython.context, zmq.backend.cython.message, zmq.backend.cython.socket, zmq.backend.cython._device, zmq.backend.cython._poll, zmq.backend.cython._proxy_steerable, zmq.backend.cython._version, zmq.backend.cython.error, zmq.backend.cython.utils, tornado.speedups, psutil._psutil_linux, psutil._psutil_posix, charset_normalizer.md, sklearn.__check_build._check_build, scipy.optimize._group_columns, scipy.optimize._trlib._trlib, scipy.optimize._lbfgsb, _moduleTNC, scipy.optimize._moduleTNC, scipy.optimize._cobyla, scipy.optimize._slsqp, scipy.optimize._minpack, scipy.optimize._lsq.givens_elimination, scipy.optimize._zeros, scipy.optimize._highs.cython.src._highs_wrapper, scipy.optimize._highs._highs_wrapper, scipy.optimize._highs.cython.src._highs_constants, scipy.optimize._highs._highs_constants, scipy.linalg._interpolative, scipy.optimize._bglu_dense, scipy.optimize._lsap, scipy.optimize._direct, scipy.integrate._odepack, scipy.integrate._quadpack, scipy.integrate._vode, scipy.integrate._dop, scipy.integrate._lsoda, scipy.interpolate._fitpack, scipy.interpolate._dfitpack, scipy.interpolate._bspl, scipy.interpolate._ppoly, scipy.interpolate.interpnd, scipy.interpolate._rbfinterp_pythran, scipy.interpolate._rgi_cython, scipy.special.cython_special, scipy.stats._stats, scipy.stats._biasedurn, scipy.stats._levy_stable.levyst, scipy.stats._stats_pythran, scipy._lib._uarray._uarray, scipy.stats._ansari_swilk_statistics, scipy.stats._sobol, scipy.stats._qmc_cy, scipy.stats._mvn, scipy.stats._rcont.rcont, scipy.stats._unuran.unuran_wrapper, sklearn.utils._isfinite, sklearn.utils.sparsefuncs_fast, sklearn.utils.murmurhash, sklearn.utils._openmp_helpers, sklearn.metrics.cluster._expected_mutual_info_fast, sklearn.preprocessing._csr_polynomial_expansion, sklearn.preprocessing._target_encoder_fast, sklearn.metrics._dist_metrics, sklearn.metrics._pairwise_distances_reduction._datasets_pair, sklearn.utils._cython_blas, sklearn.metrics._pairwise_distances_reduction._base, sklearn.metrics._pairwise_distances_reduction._middle_term_computer, sklearn.utils._heap, sklearn.utils._sorting, sklearn.metrics._pairwise_distances_reduction._argkmin, sklearn.metrics._pairwise_distances_reduction._argkmin_classmode, sklearn.utils._vector_sentinel, sklearn.metrics._pairwise_distances_reduction._radius_neighbors, sklearn.metrics._pairwise_distances_reduction._radius_neighbors_classmode, sklearn.metrics._pairwise_fast, sklearn.neighbors._partition_nodes, sklearn.neighbors._ball_tree, sklearn.neighbors._kd_tree, sklearn.utils.arrayfuncs, sklearn.utils._random, sklearn.utils._seq_dataset, sklearn.linear_model._cd_fast, _loss, sklearn._loss._loss, sklearn.svm._liblinear, sklearn.svm._libsvm, sklearn.svm._libsvm_sparse, sklearn.utils._weight_vector, sklearn.linear_model._sgd_fast, sklearn.linear_model._sag_fast, sklearn.decomposition._online_lda_fast, sklearn.decomposition._cdnmf_fast, pandas._libs.tslibs.ccalendar, pandas._libs.tslibs.np_datetime, pandas._libs.tslibs.dtypes, pandas._libs.tslibs.base, pandas._libs.tslibs.nattype, pandas._libs.tslibs.timezones, pandas._libs.tslibs.fields, pandas._libs.tslibs.timedeltas, pandas._libs.tslibs.tzconversion, pandas._libs.tslibs.timestamps, pandas._libs.properties, pandas._libs.tslibs.offsets, pandas._libs.tslibs.strptime, pandas._libs.tslibs.parsing, pandas._libs.tslibs.conversion, pandas._libs.tslibs.period, pandas._libs.tslibs.vectorized, pandas._libs.ops_dispatch, pandas._libs.missing, pandas._libs.hashtable, pandas._libs.algos, pandas._libs.interval, pandas._libs.lib, pandas._libs.ops, pandas._libs.hashing, pandas._libs.arrays, pandas._libs.tslib, pandas._libs.sparse, pandas._libs.internals, pandas._libs.indexing, pandas._libs.index, pandas._libs.writers, pandas._libs.join, pandas._libs.window.aggregations, pandas._libs.window.indexers, pandas._libs.reshape, pandas._libs.groupby, pandas._libs.json, pandas._libs.parsers, pandas._libs.testing, shapely.lib, shapely._geos, shapely._geometry_helpers, PIL._imagingft, google._upb._message, h5py._errors, h5py.defs, h5py._objects, h5py.h5, h5py.utils, h5py.h5t, h5py.h5s, h5py.h5ac, h5py.h5p, h5py.h5r, h5py._proxy, h5py._conv, h5py.h5z, h5py.h5a, h5py.h5d, h5py.h5ds, h5py.h5g, h5py.h5i, h5py.h5f, h5py.h5fd, h5py.h5pl, h5py.h5o, h5py.h5l, h5py._selector, regex._regex, omni.mdl.pymdlsdk._pymdlsdk, osqp._osqp, multidict._multidict, yarl._quoting_c, aiohttp._helpers, aiohttp._http_writer, aiohttp._http_parser, aiohttp._websocket, _cffi_backend, frozenlist._frozenlist, scipy.io.matlab._mio_utils, scipy.io.matlab._streams, scipy.io.matlab._mio5_utils, PIL._imagingmath (total: 269)
vln/run.sh: line 16: 2398065 Segmentation fault      (core dumped) python vln/main.py $flags_sample_episodes
